
Running 1 test using 1 worker

(node:20300) Warning: The 'NO_COLOR' env is ignored due to the 'FORCE_COLOR' env being set.
(Use `node --trace-warnings ...` to show where the warning was created)
  x  1 [chromium] › tests\sales-controls.spec.ts:135:5 › Agent Fees paginates 62 sales in twelve-row pages without reducing summary totals (6.7s)


  1) [chromium] › tests\sales-controls.spec.ts:135:5 › Agent Fees paginates 62 sales in twelve-row pages without reducing summary totals

    Error: expect(locator).toContainText(expected) failed

    Locator: getByRole('navigation', { name: 'Results pagination' })
    Expected substring: "Showing 13–15 of 15"
    Received string:    "Showing 1–12 of 15PreviousNext"
    Timeout: 5000ms

    Call log:
      - Expect "toContainText" with timeout 5000ms
      - waiting for getByRole('navigation', { name: 'Results pagination' })
        2 × locator resolved to <nav aria-label="Results pagination" class="mt-4 flex flex-col gap-3 text-sm text-[#617169] sm:flex-row sm:items-center sm:justify-between">…</nav>
          - unexpected value "Showing 61–62 of 62PreviousNext"
        12 × locator resolved to <nav aria-label="Results pagination" class="mt-4 flex flex-col gap-3 text-sm text-[#617169] sm:flex-row sm:items-center sm:justify-between">…</nav>
           - unexpected value "Showing 1–12 of 15PreviousNext"


      151 |   await expect(pagination(page).getByRole("button", { name: "Next" })).toBeDisabled(); await expect(summary).toContainText("£62,000");
      152 |   f.shrink(15); await page.getByRole("button", { name: "Refresh", exact: true }).click();
    > 153 |   await expect(pagination(page)).toContainText("Showing 13–15 of 15"); await expect(feeRows(page)).toHaveCount(3);
          |                                  ^
      154 |   await pagination(page).getByRole("button", { name: "Previous" }).click(); await expect(pagination(page)).toContainText("Showing 1–12 of 15");
      155 | });
      156 |
        at C:\GitHub\Bunnywell_Portal\tests\sales-controls.spec.ts:153:34

    attachment #1: screenshot (image/png) ──────────────────────────────────────────────────────────
    test-results\sales-controls-Agent-Fees--0f307-out-reducing-summary-totals-chromium\test-failed-1.png
    ────────────────────────────────────────────────────────────────────────────────────────────────

    Error Context: test-results\sales-controls-Agent-Fees--0f307-out-reducing-summary-totals-chromium\error-context.md

  1 failed
    [chromium] › tests\sales-controls.spec.ts:135:5 › Agent Fees paginates 62 sales in twelve-row pages without reducing summary totals
