
[WebServer] (node:26648) Warning: The 'NO_COLOR' env is ignored due to the 'FORCE_COLOR' env being set.
[WebServer] (Use `node --trace-warnings ...` to show where the warning was created)

[WebServer] (node:15872) Warning: The 'NO_COLOR' env is ignored due to the 'FORCE_COLOR' env being set.
[WebServer] (Use `node --trace-warnings ...` to show where the warning was created)
[WebServer] (node:960) Warning: The 'NO_COLOR' env is ignored due to the 'FORCE_COLOR' env being set.

[WebServer] (Use `node --trace-warnings ...` to show where the warning was created)

Running 13 tests using 1 worker


(node:12568) Warning: The 'NO_COLOR' env is ignored due to the 'FORCE_COLOR' env being set.
(Use `node --trace-warnings ...` to show where the warning was created)

[1/13] [chromium] › tests\sales-actor-names.spec.ts:22:7 › Completion resolves historical approver and completer missing from profiles for sales_agent
[2/13] [chromium] › tests\sales-actor-names.spec.ts:22:7 › Completion resolves historical approver and completer missing from profiles for conveyancer
[3/13] [chromium] › tests\sales-actor-names.spec.ts:45:5 › Completion uses workflow names without a profile lookup and keeps null IDs unknown
[4/13] [chromium] › tests\sales-contacts.spec.ts:4:5 › building sales contacts filter existing types and store references without changing access
[5/13] [chromium] › tests\sales-contacts.spec.ts:25:5 › organisation shared inbox is visible, editable and validated
[6/13] [chromium] › tests\sales-legal-workflow.spec.ts:35:5 › developer reviews exact recipients, confirms and preserves the sent authority
[7/13] [chromium] › tests\sales-legal-workflow.spec.ts:53:5 › missing recipient blocks email review and offers organisation settings
[8/13] [chromium] › tests\sales-legal-workflow.spec.ts:61:5 › agent can request authority; conveyancer confirms exchange only while authority is valid
[9/13] [chromium] › tests\sales-legal-workflow.spec.ts:71:5 › completion statement approval does not release keys; conveyancer legal confirmation does
[10/13] [chromium] › tests\sales-legal-workflow.spec.ts:90:5 › historical completion retains dates and actor names with no invented timestamp
[11/13] [chromium] › tests\sales-stage-tasks.spec.ts:10:5 › reservation and exchange show their saved milestones, rejection and completed history
[12/13] [chromium] › tests\sales-stage-tasks.spec.ts:48:5 › completion survives reload through upload, query, replacement, approval and recording
[13/13] [chromium] › tests\sales-stage-tasks.spec.ts:104:5 › task cards use available width without overflow at desktop, tablet and mobile sizes
  13 passed (23.6s)
